Running Gradle task 'assembleRelease'...                        
flutter : 
At line:8 char:13
+ $buildLog = flutter build apk --release 2>&1
+             ~~~~~~~~~~~~~~~~~~~~~~~~~~~~~~~~
    + CategoryInfo          : NotSpecified: (:String) [], RemoteException
    + FullyQualifiedErrorId : NativeCommandError
 
FAILURE: Build failed with an exception.

* Where:
Build file 'C:\kokugo_kore_build\android\app\build.gradle.kts' line: 1

* What went wrong:
An exception occurred applying plugin request [id: 'com.android.application']
> Failed to apply plugin 'com.android.internal.version-check'.
   > Minimum supported Gradle version is 8.9. Current version is 8.8. If using the gradle wrapper, try editing the dist
ributionUrl in C:\kokugo_kore_build\android\gradle\wrapper\gradle-wrapper.properties to gradle-8.9-all.zip

* Try:
> Run with --stacktrace option to get the stack trace.
> Run with --info or --debug option to get more log output.
> Run with --scan to get full insights.
> Get more help at https://help.gradle.org.

BUILD FAILED in 4s
Running Gradle task 'assembleRelease'...                            5.2s
Gradle task assembleRelease failed with exit code 1
